../Core/Src/main.c:98:5:_write	24	static
../Core/Src/main.c:109:5:main	8	static
../Core/Src/main.c:178:6:SystemClock_Config	112	static
../Core/Src/main.c:219:6:ShowMenu	8	static
../Core/Src/main.c:228:6:ProcessUserInput	8	static
../Core/Src/main.c:272:6:SendCommand	48	static
../Core/Src/main.c:310:6:ProcessTelemetryResponse	64	static
../Core/Src/main.c:348:6:CheckResponseTimeout	32	static
../Core/Src/main.c:370:6:Radio_Init	56	static
../Core/Src/main.c:406:6:RadioOnDioIrq	64	static
../Core/Src/main.c:499:6:HAL_UART_RxCpltCallback	16	static
../Core/Src/main.c:511:6:Error_Handler	4	static,ignoring_inline_asm
