../Drivers/STM32WLxx_HAL_Driver/Inc/stm32wlxx_ll_rcc.h:1257:22:LL_RCC_LSE_SetDriveCapability	16	static
../Core/Src/main.c:27:5:_write	24	static
../Core/Src/main.c:104:5:main	8	static
../Core/Src/main.c:150:6:SystemClock_Config	112	static
../Core/Src/main.c:188:6:ShowMenu	8	static
../Core/Src/main.c:196:6:ProcessUserInput	8	static
../Core/Src/main.c:225:6:SendCommand	48	static
../Core/Src/main.c:254:6:ProcessTelemetryResponse	40	static
../Core/Src/main.c:284:6:ProcessAckResponse	24	static
../Core/Src/main.c:306:6:CheckResponseTimeout	32	static
../Core/Src/main.c:328:6:Radio_Init	56	static
../Core/Src/main.c:364:6:RadioOnDioIrq	80	static
../Core/Src/main.c:457:6:HAL_UART_RxCpltCallback	16	static
../Core/Src/main.c:469:6:Error_Handler	4	static,ignoring_inline_asm
